-- <table style="width: 100%; table-layout: fixed;" class="dot-table">
--   <tr>
--     <td style="width: 30%;">
--         <!-- Diagram A -->
\set draw_source :3col_a_source
\i sql/draw.sql
\setenv draw_source :draw_source
\! echo $draw_source | dot -Tsvg -Nnodesep=0.1 -Nranksep=0.1 -Nwidth=0.05 -Nheight=0.05 -Nfontsize=8 -Efontsize=8 | sed '/<!DOCTYPE/,/>/d; /<?xml/,/>/d' | sed '1i<div>' | sed '$a</div>\n' | sed 's/^/-- /'
Error: <stdin>: syntax error in line 1 near ':'
Warning: syntax ambiguity - badly delimited number '3c' in line 1 of <stdin> splits into two tokens
--     </td>
--     <td style="width: 30%;">
--         <!-- Diagram B -->
\set draw_source :3col_b_source
\i sql/draw.sql
\setenv draw_source :draw_source
\! echo $draw_source | dot -Tsvg -Nnodesep=0.1 -Nranksep=0.1 -Nwidth=0.05 -Nheight=0.05 -Nfontsize=8 -Efontsize=8 | sed '/<!DOCTYPE/,/>/d; /<?xml/,/>/d' | sed '1i<div>' | sed '$a</div>\n' | sed 's/^/-- /'
Error: <stdin>: syntax error in line 1 near ':'
Warning: syntax ambiguity - badly delimited number '3c' in line 1 of <stdin> splits into two tokens
--     </td>
--     <td style="width: 30%;">
--         <!-- Diagram C -->
\set draw_source :3col_c_source
\i sql/draw.sql
\setenv draw_source :draw_source
\! echo $draw_source | dot -Tsvg -Nnodesep=0.1 -Nranksep=0.1 -Nwidth=0.05 -Nheight=0.05 -Nfontsize=8 -Efontsize=8 | sed '/<!DOCTYPE/,/>/d; /<?xml/,/>/d' | sed '1i<div>' | sed '$a</div>\n' | sed 's/^/-- /'
Error: <stdin>: syntax error in line 1 near ':'
Warning: syntax ambiguity - badly delimited number '3c' in line 1 of <stdin> splits into two tokens
--     </td>
--   </tr>
-- </table>
