\pset linestyle unicode
\pset border 2
-- ---
-- draft: true
-- authors:
--   - michelp
-- date: 2025-07-01
-- categories:
--   - onesparse
--   - postgres
--   - graphblas
--   - suitesparse
--   - graphs
--   - linear algebra
-- ---
-- # Billions of Edges Per Second on Postgres Graphs
-- For years now those of us over at [The GraphBLAS Forum](graphblas.org)
-- have been working hard to bring a standardized, state-of-the-art
-- parallel graph traversal API to all possible architectures.  This API
-- work has led to the evolution of the high performance graph linear
-- algebra library [SuiteSparse
-- GraphBLAS](https://people.engr.tamu.edu/davis/GraphBLAS.html) by
-- [Dr. Timothy Davis et al]() at at [Texas A&M University]().
-- SuiteSparse contains powerful optimized kernels for sparse graph
-- computation, the ability for users to define their own edge types and
-- operators, and has a built-in JIT compiler that can target many
-- computing architectures including [Nvidia CUDA]().
-- <!-- more -->
-- SuiteSparse graph algorithms are expressed using [Linear
-- Algebra](https://en.wikipedia.org/wiki/Linear_algebra) operations to
-- traverse and process graphs.  In this powerful approach inspired by
-- the [mathematical roots of graph
-- theory](https://en.wikipedia.org/wiki/Adjacency_matrix), sets of nodes
-- are sparse Vectors and graphs of nodes are sparse Matrices.  This
-- differs quite a bit from most graph processing libraries that focus on
-- individual nodes and edges.  Writing efficient bulk parallel decisions
-- at that scale is complex, and hard to retarget to new architectures
-- due to close-to-the-metal complexities.
-- The GraphBLAS leverages the rules of linear algebra, and in particular
-- [Matrix
-- Multiplication](https://en.wikipedia.org/wiki/Matrix_multiplication),
-- to efficiently schedule graph operations in bulk across many cores, or
-- whatever other processing unit the particular architecture employs.
-- By specifying operations in a high level algebraic form, the library
-- implementor can use [advanced sparse compression
-- techniques](https://en.wikipedia.org/wiki/Sparse_matrix), statistical
-- and structural knowledge of the data, and other optimizations to
-- target the best approach for a given architecture on a per-operation
-- basis.
-- ## OneSparse
-- OneSparse is a Postgres extension that brings the power of SuiteSparse
-- to Postgres. Have you found yourself spending too much time
-- extracting, transforming, and loading graphs into side databases that
-- need constant money, maintanance and impedence matching with SQL.
-- With OneSparse, it's easy to turn SQL data into graphs and back again
-- in pure SQL.
create extension if not exists onesparse;
create materialized view if not exists karate as select mmread('/home/postgres/onesparse/demo/karate.mtx') as graph;
-- The karate graph is now loaded into the view and looks like this,
-- here it's drawn with colors to indicate the "out-degree" of each
-- node:
select draw(triu(graph),
            reduce_cols(cast_to(graph, 'int32')),
            false, false, true, 0.5, 'The Karate Graph')
    as draw_source from karate \gset
\i sql/draw_sfdp.sql
\setenv draw_source :draw_source
\! echo $draw_source | dot -Ksfdp -Tsvg -Nnodesep=0.1 -Nranksep=0.1 -Nwidth=0.05 -Nheight=0.05 -Nfontsize=8 -Efontsize=8 | sed '/<!DOCTYPE/,/>/d; /<?xml/,/>/d' | sed '1i<div>' | sed '$a</div>\n' | sed 's/^/-- /'
-- <div>
-- <!-- Title: %3 Pages: 1 -->
-- <svg width="779pt" height="367pt"
--  viewBox="0.00 0.00 778.50 367.35" xmlns="http://www.w3.org/2000/svg" xmlns:xlink="http://www.w3.org/1999/xlink">
-- <g id="graph0" class="graph" transform="scale(1 1) rotate(0) translate(4 363.35)">
-- <title>%3</title>
-- <polygon fill="white" stroke="transparent" points="-4,4 -4,-363.35 774.5,-363.35 774.5,4 -4,4"/>
-- <text text-anchor="middle" x="385.25" y="-7.4" font-family="Times,serif" font-size="12.00">The Karate Graph</text>
-- <!-- 0 -->
-- <g id="node1" class="node">
-- <title>0</title>
-- <ellipse fill="#bf0000" fill-opacity="0.498039" stroke="black" cx="450.52" cy="-196.67" rx="28.07" ry="12.04"/>
-- <text text-anchor="middle" x="450.52" y="-194.77" font-family="Times,serif" font-size="8.00">0 : 16</text>
-- </g>
-- <!-- 1 -->
-- <g id="node2" class="node">
-- <title>1</title>
-- <ellipse fill="#7fff7f" fill-opacity="0.498039" stroke="black" cx="393.74" cy="-190.45" rx="25" ry="12.04"/>
-- <text text-anchor="middle" x="393.74" y="-188.55" font-family="Times,serif" font-size="8.00">1 : 9</text>
-- </g>
-- <!-- 0&#45;&#45;1 -->
-- <g id="edge1" class="edge">
-- <title>0&#45;&#45;1</title>
-- <path fill="none" stroke="black" d="M423.12,-193.67C421.42,-193.48 419.72,-193.29 418.03,-193.11"/>
-- </g>
-- <!-- 2 -->
-- <g id="node3" class="node">
-- <title>2</title>
-- <ellipse fill="#bfff3f" fill-opacity="0.498039" stroke="black" cx="297.87" cy="-157.02" rx="28.07" ry="12.04"/>
-- <text text-anchor="middle" x="297.87" y="-155.12" font-family="Times,serif" font-size="8.00">2 : 10</text>
-- </g>
-- <!-- 0&#45;&#45;2 -->
-- <g id="edge2" class="edge">
-- <title>0&#45;&#45;2</title>
-- <path fill="none" stroke="black" d="M426.33,-190.39C397.83,-182.98 350.76,-170.75 322.2,-163.34"/>
-- </g>
-- <!-- 3 -->
-- <g id="node4" class="node">
-- <title>3</title>
-- <ellipse fill="#00bfff" fill-opacity="0.498039" stroke="black" cx="415.54" cy="-127.23" rx="25" ry="12.04"/>
-- <text text-anchor="middle" x="415.54" y="-125.33" font-family="Times,serif" font-size="8.00">3 : 6</text>
-- </g>
-- <!-- 0&#45;&#45;3 -->
-- <g id="edge3" class="edge">
-- <title>0&#45;&#45;3</title>
-- <path fill="none" stroke="black" d="M444.58,-184.89C438.19,-172.2 428.07,-152.1 421.62,-139.3"/>
-- </g>
-- <!-- 4 -->
-- <g id="node5" class="node">
-- <title>4</title>
-- <ellipse fill="#0000ff" fill-opacity="0.498039" stroke="black" cx="580.19" cy="-250.56" rx="25" ry="12.04"/>
-- <text text-anchor="middle" x="580.19" y="-248.66" font-family="Times,serif" font-size="8.00">4 : 3</text>
-- </g>
-- <!-- 0&#45;&#45;4 -->
-- <g id="edge4" class="edge">
-- <title>0&#45;&#45;4</title>
-- <path fill="none" stroke="black" d="M470.78,-205.09C495.57,-215.39 537.2,-232.69 561.33,-242.72"/>
-- </g>
-- <!-- 5 -->
-- <g id="node6" class="node">
-- <title>5</title>
-- <ellipse fill="#003fff" fill-opacity="0.498039" stroke="black" cx="632.84" cy="-242.48" rx="25" ry="12.04"/>
-- <text text-anchor="middle" x="632.84" y="-240.58" font-family="Times,serif" font-size="8.00">5 : 4</text>
-- </g>
-- <!-- 0&#45;&#45;5 -->
-- <g id="edge5" class="edge">
-- <title>0&#45;&#45;5</title>
-- <path fill="none" stroke="black" d="M475.11,-202.85C510.78,-211.81 576.35,-228.29 610.64,-236.9"/>
-- </g>
-- <!-- 6 -->
-- <g id="node7" class="node">
-- <title>6</title>
-- <ellipse fill="#003fff" fill-opacity="0.498039" stroke="black" cx="637.55" cy="-205.51" rx="25" ry="12.04"/>
-- <text text-anchor="middle" x="637.55" y="-203.61" font-family="Times,serif" font-size="8.00">6 : 4</text>
-- </g>
-- <!-- 0&#45;&#45;6 -->
-- <g id="edge6" class="edge">
-- <title>0&#45;&#45;6</title>
-- <path fill="none" stroke="black" d="M478.92,-198.01C515.4,-199.74 578.13,-202.7 612.77,-204.34"/>
-- </g>
-- <!-- 7 -->
-- <g id="node8" class="node">
-- <title>7</title>
-- <ellipse fill="#003fff" fill-opacity="0.498039" stroke="black" cx="392.05" cy="-102.14" rx="25" ry="12.04"/>
-- <text text-anchor="middle" x="392.05" y="-100.24" font-family="Times,serif" font-size="8.00">7 : 4</text>
-- </g>
-- <!-- 0&#45;&#45;7 -->
-- <g id="edge7" class="edge">
-- <title>0&#45;&#45;7</title>
-- <path fill="none" stroke="black" d="M443.11,-184.7C431.8,-166.41 410.37,-131.76 399.21,-113.72"/>
-- </g>
-- <!-- 8 -->
-- <g id="node9" class="node">
-- <title>8</title>
-- <ellipse fill="#007fff" fill-opacity="0.498039" stroke="black" cx="283.37" cy="-233.07" rx="25" ry="12.04"/>
-- <text text-anchor="middle" x="283.37" y="-231.17" font-family="Times,serif" font-size="8.00">8 : 5</text>
-- </g>
-- <!-- 0&#45;&#45;8 -->
-- <g id="edge8" class="edge">
-- <title>0&#45;&#45;8</title>
-- <path fill="none" stroke="black" d="M425.13,-202.2C392.71,-209.26 337.1,-221.37 306.04,-228.14"/>
-- </g>
-- <!-- 10 -->
-- <g id="node11" class="node">
-- <title>10</title>
-- <ellipse fill="#0000ff" fill-opacity="0.498039" stroke="black" cx="588.8" cy="-194.46" rx="28.07" ry="12.04"/>
-- <text text-anchor="middle" x="588.8" y="-192.56" font-family="Times,serif" font-size="8.00">10 : 3</text>
-- </g>
-- <!-- 0&#45;&#45;10 -->
-- <g id="edge9" class="edge">
-- <title>0&#45;&#45;10</title>
-- <path fill="none" stroke="black" d="M478.83,-196.22C502.7,-195.84 536.67,-195.3 560.52,-194.91"/>
-- </g>
-- <!-- 11 -->
-- <g id="node12" class="node">
-- <title>11</title>
-- <ellipse fill="#00007f" fill-opacity="0.498039" stroke="black" cx="522.77" cy="-329.68" rx="28.07" ry="12.04"/>
-- <text text-anchor="middle" x="522.77" y="-327.78" font-family="Times,serif" font-size="8.00">11 : 1</text>
-- </g>
-- <!-- 0&#45;&#45;11 -->
-- <g id="edge10" class="edge">
-- <title>0&#45;&#45;11</title>
-- <path fill="none" stroke="black" d="M456.93,-208.47C470.61,-233.65 502.51,-292.39 516.27,-317.71"/>
-- </g>
-- <!-- 12 -->
-- <g id="node13" class="node">
-- <title>12</title>
-- <ellipse fill="#0000bf" fill-opacity="0.498039" stroke="black" cx="501.99" cy="-71.06" rx="28.07" ry="12.04"/>
-- <text text-anchor="middle" x="501.99" y="-69.16" font-family="Times,serif" font-size="8.00">12 : 2</text>
-- </g>
-- <!-- 0&#45;&#45;12 -->
-- <g id="edge11" class="edge">
-- <title>0&#45;&#45;12</title>
-- <path fill="none" stroke="black" d="M455.45,-184.63C465.27,-160.68 487.13,-107.32 496.99,-83.25"/>
-- </g>
-- <!-- 13 -->
-- <g id="node14" class="node">
-- <title>13</title>
-- <ellipse fill="#007fff" fill-opacity="0.498039" stroke="black" cx="335.24" cy="-185.57" rx="28.07" ry="12.04"/>
-- <text text-anchor="middle" x="335.24" y="-183.67" font-family="Times,serif" font-size="8.00">13 : 5</text>
-- </g>
-- <!-- 0&#45;&#45;13 -->
-- <g id="edge12" class="edge">
-- <title>0&#45;&#45;13</title>
-- <path fill="none" stroke="black" d="M422.91,-194.01C404.79,-192.27 381.18,-190 363.03,-188.25"/>
-- </g>
-- <!-- 17 -->
-- <g id="node18" class="node">
-- <title>17</title>
-- <ellipse fill="#0000bf" fill-opacity="0.498039" stroke="black" cx="507.29" cy="-203.38" rx="28.07" ry="12.04"/>
-- <text text-anchor="middle" x="507.29" y="-201.48" font-family="Times,serif" font-size="8.00">17 : 2</text>
-- </g>
-- <!-- 0&#45;&#45;17 -->
-- <g id="edge13" class="edge">
-- <title>0&#45;&#45;17</title>
-- <path fill="none" stroke="black" d="M477.91,-199.9C478.59,-199.99 479.27,-200.07 479.95,-200.15"/>
-- </g>
-- <!-- 19 -->
-- <g id="node20" class="node">
-- <title>19</title>
-- <ellipse fill="#0000ff" fill-opacity="0.498039" stroke="black" cx="335.25" cy="-258.07" rx="28.07" ry="12.04"/>
-- <text text-anchor="middle" x="335.25" y="-256.17" font-family="Times,serif" font-size="8.00">19 : 3</text>
-- </g>
-- <!-- 0&#45;&#45;19 -->
-- <g id="edge14" class="edge">
-- <title>0&#45;&#45;19</title>
-- <path fill="none" stroke="black" d="M432.51,-206.26C410.85,-217.8 374.73,-237.04 353.13,-248.54"/>
-- </g>
-- <!-- 21 -->
-- <g id="node22" class="node">
-- <title>21</title>
-- <ellipse fill="#0000bf" fill-opacity="0.498039" stroke="black" cx="503.25" cy="-133.9" rx="28.07" ry="12.04"/>
-- <text text-anchor="middle" x="503.25" y="-132" font-family="Times,serif" font-size="8.00">21 : 2</text>
-- </g>
-- <!-- 0&#45;&#45;21 -->
-- <g id="edge15" class="edge">
-- <title>0&#45;&#45;21</title>
-- <path fill="none" stroke="black" d="M460.19,-185.16C469.7,-173.83 484.14,-156.64 493.64,-145.34"/>
-- </g>
-- <!-- 31 -->
-- <g id="node32" class="node">
-- <title>31</title>
-- <ellipse fill="#00bfff" fill-opacity="0.498039" stroke="black" cx="227.26" cy="-142.96" rx="28.07" ry="12.04"/>
-- <text text-anchor="middle" x="227.26" y="-141.06" font-family="Times,serif" font-size="8.00">31 : 6</text>
-- </g>
-- <!-- 0&#45;&#45;31 -->
-- <g id="edge16" class="edge">
-- <title>0&#45;&#45;31</title>
-- <path fill="none" stroke="black" d="M425.77,-190.72C382.86,-180.39 295.11,-159.28 252.12,-148.94"/>
-- </g>
-- <!-- 1&#45;&#45;2 -->
-- <g id="edge17" class="edge">
-- <title>1&#45;&#45;2</title>
-- <path fill="none" stroke="black" d="M373.41,-183.36C357.69,-177.88 335.96,-170.3 319.84,-164.68"/>
-- </g>
-- <!-- 1&#45;&#45;3 -->
-- <g id="edge18" class="edge">
-- <title>1&#45;&#45;3</title>
-- <path fill="none" stroke="black" d="M397.84,-178.55C401.69,-167.4 407.42,-150.78 411.31,-139.49"/>
-- </g>
-- <!-- 1&#45;&#45;7 -->
-- <g id="edge19" class="edge">
-- <title>1&#45;&#45;7</title>
-- <path fill="none" stroke="black" d="M393.5,-178.17C393.18,-161.3 392.6,-131.13 392.28,-114.31"/>
-- </g>
-- <!-- 1&#45;&#45;13 -->
-- <g id="edge20" class="edge">
-- <title>1&#45;&#45;13</title>
-- <path fill="none" stroke="black" d="M369.27,-188.41C367.27,-188.24 365.23,-188.07 363.2,-187.9"/>
-- </g>
-- <!-- 1&#45;&#45;17 -->
-- <g id="edge21" class="edge">
-- <title>1&#45;&#45;17</title>
-- <path fill="none" stroke="black" d="M418.1,-193.22C436.21,-195.28 460.95,-198.1 479.78,-200.24"/>
-- </g>
-- <!-- 1&#45;&#45;19 -->
-- <g id="edge22" class="edge">
-- <title>1&#45;&#45;19</title>
-- <path fill="none" stroke="black" d="M384.08,-201.61C373.31,-214.07 355.97,-234.11 345.12,-246.66"/>
-- </g>
-- <!-- 1&#45;&#45;21 -->
-- <g id="edge23" class="edge">
-- <title>1&#45;&#45;21</title>
-- <path fill="none" stroke="black" d="M410.85,-181.61C431.06,-171.17 464.54,-153.89 485.16,-143.24"/>
-- </g>
-- <!-- 30 -->
-- <g id="node31" class="node">
-- <title>30</title>
-- <ellipse fill="#003fff" fill-opacity="0.498039" stroke="black" cx="253.19" cy="-259.36" rx="28.07" ry="12.04"/>
-- <text text-anchor="middle" x="253.19" y="-257.46" font-family="Times,serif" font-size="8.00">30 : 4</text>
-- </g>
-- <!-- 1&#45;&#45;30 -->
-- <g id="edge24" class="edge">
-- <title>1&#45;&#45;30</title>
-- <path fill="none" stroke="black" d="M376.22,-199.03C349.58,-212.1 299.11,-236.84 271.82,-250.22"/>
-- </g>
-- <!-- 2&#45;&#45;3 -->
-- <g id="edge25" class="edge">
-- <title>2&#45;&#45;3</title>
-- <path fill="none" stroke="black" d="M322.25,-150.84C343.26,-145.53 373.3,-137.92 393.57,-132.79"/>
-- </g>
-- <!-- 2&#45;&#45;7 -->
-- <g id="edge26" class="edge">
-- <title>2&#45;&#45;7</title>
-- <path fill="none" stroke="black" d="M314.71,-147.21C332.06,-137.09 358.92,-121.44 375.99,-111.5"/>
-- </g>
-- <!-- 2&#45;&#45;8 -->
-- <g id="edge27" class="edge">
-- <title>2&#45;&#45;8</title>
-- <path fill="none" stroke="black" d="M295.54,-169.24C292.85,-183.35 288.45,-206.43 285.74,-220.63"/>
-- </g>
-- <!-- 9 -->
-- <g id="node10" class="node">
-- <title>9</title>
-- <ellipse fill="#0000bf" fill-opacity="0.498039" stroke="black" cx="217.52" cy="-90.05" rx="25" ry="12.04"/>
-- <text text-anchor="middle" x="217.52" y="-88.15" font-family="Times,serif" font-size="8.00">9 : 2</text>
-- </g>
-- <!-- 2&#45;&#45;9 -->
-- <g id="edge28" class="edge">
-- <title>2&#45;&#45;9</title>
-- <path fill="none" stroke="black" d="M284.96,-146.26C269.88,-133.69 245.09,-113.03 230.13,-100.56"/>
-- </g>
-- <!-- 2&#45;&#45;13 -->
-- <g id="edge29" class="edge">
-- <title>2&#45;&#45;13</title>
-- <path fill="none" stroke="black" d="M311.79,-167.65C314.94,-170.06 318.29,-172.62 321.44,-175.03"/>
-- </g>
-- <!-- 27 -->
-- <g id="node28" class="node">
-- <title>27</title>
-- <ellipse fill="#003fff" fill-opacity="0.498039" stroke="black" cx="161.79" cy="-112.66" rx="28.07" ry="12.04"/>
-- <text text-anchor="middle" x="161.79" y="-110.76" font-family="Times,serif" font-size="8.00">27 : 4</text>
-- </g>
-- <!-- 2&#45;&#45;27 -->
-- <g id="edge30" class="edge">
-- <title>2&#45;&#45;27</title>
-- <path fill="none" stroke="black" d="M275.4,-149.69C250.19,-141.47 209.52,-128.22 184.3,-119.99"/>
-- </g>
-- <!-- 28 -->
-- <g id="node29" class="node">
-- <title>28</title>
-- <ellipse fill="#0000ff" fill-opacity="0.498039" stroke="black" cx="216.9" cy="-190.96" rx="28.07" ry="12.04"/>
-- <text text-anchor="middle" x="216.9" y="-189.06" font-family="Times,serif" font-size="8.00">28 : 3</text>
-- </g>
-- <!-- 2&#45;&#45;28 -->
-- <g id="edge31" class="edge">
-- <title>2&#45;&#45;28</title>
-- <path fill="none" stroke="black" d="M277.44,-165.58C265.07,-170.77 249.36,-177.35 237.05,-182.52"/>
-- </g>
-- <!-- 32 -->
-- <g id="node33" class="node">
-- <title>32</title>
-- <ellipse fill="#ffbf00" fill-opacity="0.498039" stroke="black" cx="149.95" cy="-249.86" rx="31.64" ry="12.04"/>
-- <text text-anchor="middle" x="149.95" y="-247.96" font-family="Times,serif" font-size="8.00">32 : 12</text>
-- </g>
-- <!-- 2&#45;&#45;32 -->
-- <g id="edge32" class="edge">
-- <title>2&#45;&#45;32</title>
-- <path fill="none" stroke="black" d="M281.76,-167.13C253.46,-184.9 195.1,-221.52 166.49,-239.48"/>
-- </g>
-- <!-- 3&#45;&#45;7 -->
-- <g id="edge33" class="edge">
-- <title>3&#45;&#45;7</title>
-- <path fill="none" stroke="black" d="M405.17,-116.15C404.28,-115.2 403.39,-114.25 402.5,-113.3"/>
-- </g>
-- <!-- 3&#45;&#45;12 -->
-- <g id="edge34" class="edge">
-- <title>3&#45;&#45;12</title>
-- <path fill="none" stroke="black" d="M430.6,-117.44C446.17,-107.32 470.39,-91.59 486.23,-81.3"/>
-- </g>
-- <!-- 3&#45;&#45;13 -->
-- <g id="edge35" class="edge">
-- <title>3&#45;&#45;13</title>
-- <path fill="none" stroke="black" d="M401.55,-137.39C387,-147.97 364.31,-164.45 349.61,-175.13"/>
-- </g>
-- <!-- 4&#45;&#45;6 -->
-- <g id="edge36" class="edge">
-- <title>4&#45;&#45;6</title>
-- <path fill="none" stroke="black" d="M593.49,-240.11C602.76,-232.83 615.06,-223.16 624.31,-215.9"/>
-- </g>
-- <!-- 4&#45;&#45;10 -->
-- <g id="edge37" class="edge">
-- <title>4&#45;&#45;10</title>
-- <path fill="none" stroke="black" d="M582.06,-238.39C583.5,-228.98 585.49,-216.01 586.93,-206.61"/>
-- </g>
-- <!-- 5&#45;&#45;6 -->
-- <g id="edge38" class="edge">
-- <title>5&#45;&#45;6</title>
-- <path fill="none" stroke="black" d="M634.38,-230.37C634.9,-226.33 635.47,-221.82 635.99,-217.77"/>
-- </g>
-- <!-- 5&#45;&#45;10 -->
-- <g id="edge39" class="edge">
-- <title>5&#45;&#45;10</title>
-- <path fill="none" stroke="black" d="M622.62,-231.34C615.61,-223.7 606.33,-213.58 599.26,-205.87"/>
-- </g>
-- <!-- 16 -->
-- <g id="node17" class="node">
-- <title>16</title>
-- <ellipse fill="#0000bf" fill-opacity="0.498039" stroke="black" cx="742.22" cy="-240.81" rx="28.07" ry="12.04"/>
-- <text text-anchor="middle" x="742.22" y="-238.91" font-family="Times,serif" font-size="8.00">16 : 2</text>
-- </g>
-- <!-- 5&#45;&#45;16 -->
-- <g id="edge40" class="edge">
-- <title>5&#45;&#45;16</title>
-- <path fill="none" stroke="black" d="M657.66,-242.1C674.3,-241.85 696.26,-241.51 713.63,-241.25"/>
-- </g>
-- <!-- 6&#45;&#45;16 -->
-- <g id="edge41" class="edge">
-- <title>6&#45;&#45;16</title>
-- <path fill="none" stroke="black" d="M657.98,-212.4C675.83,-218.42 701.68,-227.14 720.03,-233.33"/>
-- </g>
-- <!-- 8&#45;&#45;30 -->
-- <g id="edge42" class="edge">
-- <title>8&#45;&#45;30</title>
-- <path fill="none" stroke="black" d="M271.1,-243.76C269.4,-245.24 267.65,-246.76 265.95,-248.25"/>
-- </g>
-- <!-- 8&#45;&#45;32 -->
-- <g id="edge43" class="edge">
-- <title>8&#45;&#45;32</title>
-- <path fill="none" stroke="black" d="M259.21,-236.11C237.13,-238.89 204.38,-243.01 180.5,-246.02"/>
-- </g>
-- <!-- 33 -->
-- <g id="node34" class="node">
-- <title>33</title>
-- <ellipse fill="#7f0000" fill-opacity="0.498039" stroke="black" cx="162.72" cy="-221.56" rx="31.64" ry="12.04"/>
-- <text text-anchor="middle" x="162.72" y="-219.66" font-family="Times,serif" font-size="8.00">33 : 17</text>
-- </g>
-- <!-- 8&#45;&#45;33 -->
-- <g id="edge44" class="edge">
-- <title>8&#45;&#45;33</title>
-- <path fill="none" stroke="black" d="M258.95,-230.74C240.23,-228.96 214.24,-226.48 193.99,-224.54"/>
-- </g>
-- <!-- 9&#45;&#45;33 -->
-- <g id="edge45" class="edge">
-- <title>9&#45;&#45;33</title>
-- <path fill="none" stroke="black" d="M212.46,-102.19C202.02,-127.24 178.19,-184.43 167.77,-209.45"/>
-- </g>
-- <!-- 13&#45;&#45;33 -->
-- <g id="edge46" class="edge">
-- <title>13&#45;&#45;33</title>
-- <path fill="none" stroke="black" d="M309.79,-190.88C278.01,-197.51 223.84,-208.81 190.86,-215.69"/>
-- </g>
-- <!-- 14 -->
-- <g id="node15" class="node">
-- <title>14</title>
-- <ellipse fill="#0000bf" fill-opacity="0.498039" stroke="black" cx="48.93" cy="-293.69" rx="28.07" ry="12.04"/>
-- <text text-anchor="middle" x="48.93" y="-291.79" font-family="Times,serif" font-size="8.00">14 : 2</text>
-- </g>
-- <!-- 14&#45;&#45;32 -->
-- <g id="edge47" class="edge">
-- <title>14&#45;&#45;32</title>
-- <path fill="none" stroke="black" d="M68.88,-285.03C86.25,-277.5 111.33,-266.62 128.99,-258.96"/>
-- </g>
-- <!-- 14&#45;&#45;33 -->
-- <g id="edge48" class="edge">
-- <title>14&#45;&#45;33</title>
-- <path fill="none" stroke="black" d="M64.75,-283.66C86.25,-270.03 124.49,-245.79 146.3,-231.97"/>
-- </g>
-- <!-- 15 -->
-- <g id="node16" class="node">
-- <title>15</title>
-- <ellipse fill="#0000bf" fill-opacity="0.498039" stroke="black" cx="157.77" cy="-347.33" rx="28.07" ry="12.04"/>
-- <text text-anchor="middle" x="157.77" y="-345.43" font-family="Times,serif" font-size="8.00">15 : 2</text>
-- </g>
-- <!-- 15&#45;&#45;32 -->
-- <g id="edge49" class="edge">
-- <title>15&#45;&#45;32</title>
-- <path fill="none" stroke="black" d="M156.78,-334.98C155.27,-316.23 152.43,-280.8 150.93,-262.11"/>
-- </g>
-- <!-- 15&#45;&#45;33 -->
-- <g id="edge50" class="edge">
-- <title>15&#45;&#45;33</title>
-- <path fill="none" stroke="black" d="M158.24,-335.27C159.19,-311.29 161.29,-257.87 162.24,-233.77"/>
-- </g>
-- <!-- 18 -->
-- <g id="node19" class="node">
-- <title>18</title>
-- <ellipse fill="#0000bf" fill-opacity="0.498039" stroke="black" cx="76.97" cy="-323.09" rx="28.07" ry="12.04"/>
-- <text text-anchor="middle" x="76.97" y="-321.19" font-family="Times,serif" font-size="8.00">18 : 2</text>
-- </g>
-- <!-- 18&#45;&#45;32 -->
-- <g id="edge51" class="edge">
-- <title>18&#45;&#45;32</title>
-- <path fill="none" stroke="black" d="M88.05,-311.97C101.61,-298.37 124.46,-275.44 138.28,-261.58"/>
-- </g>
-- <!-- 18&#45;&#45;33 -->
-- <g id="edge52" class="edge">
-- <title>18&#45;&#45;33</title>
-- <path fill="none" stroke="black" d="M86.81,-311.45C103.35,-291.86 136.53,-252.57 153,-233.07"/>
-- </g>
-- <!-- 19&#45;&#45;33 -->
-- <g id="edge53" class="edge">
-- <title>19&#45;&#45;33</title>
-- <path fill="none" stroke="black" d="M309.79,-252.68C277.92,-245.94 223.52,-234.43 190.57,-227.45"/>
-- </g>
-- <!-- 20 -->
-- <g id="node21" class="node">
-- <title>20</title>
-- <ellipse fill="#0000bf" fill-opacity="0.498039" stroke="black" cx="111.75" cy="-346.1" rx="28.07" ry="12.04"/>
-- <text text-anchor="middle" x="111.75" y="-344.2" font-family="Times,serif" font-size="8.00">20 : 2</text>
-- </g>
-- <!-- 20&#45;&#45;32 -->
-- <g id="edge54" class="edge">
-- <title>20&#45;&#45;32</title>
-- <path fill="none" stroke="black" d="M116.59,-333.91C123.93,-315.4 137.82,-280.41 145.15,-261.95"/>
-- </g>
-- <!-- 20&#45;&#45;33 -->
-- <g id="edge55" class="edge">
-- <title>20&#45;&#45;33</title>
-- <path fill="none" stroke="black" d="M116.63,-334.16C126.35,-310.42 148.01,-257.51 157.77,-233.65"/>
-- </g>
-- <!-- 22 -->
-- <g id="node23" class="node">
-- <title>22</title>
-- <ellipse fill="#0000bf" fill-opacity="0.498039" stroke="black" cx="39.38" cy="-253.01" rx="28.07" ry="12.04"/>
-- <text text-anchor="middle" x="39.38" y="-251.11" font-family="Times,serif" font-size="8.00">22 : 2</text>
-- </g>
-- <!-- 22&#45;&#45;32 -->
-- <g id="edge56" class="edge">
-- <title>22&#45;&#45;32</title>
-- <path fill="none" stroke="black" d="M67.85,-252.2C83.21,-251.76 102.21,-251.22 118.06,-250.77"/>
-- </g>
-- <!-- 22&#45;&#45;33 -->
-- <g id="edge57" class="edge">
-- <title>22&#45;&#45;33</title>
-- <path fill="none" stroke="black" d="M63.74,-246.79C84.67,-241.46 114.76,-233.79 136.27,-228.3"/>
-- </g>
-- <!-- 23 -->
-- <g id="node24" class="node">
-- <title>23</title>
-- <ellipse fill="#007fff" fill-opacity="0.498039" stroke="black" cx="89.52" cy="-161.43" rx="28.07" ry="12.04"/>
-- <text text-anchor="middle" x="89.52" y="-159.53" font-family="Times,serif" font-size="8.00">23 : 5</text>
-- </g>
-- <!-- 25 -->
-- <g id="node26" class="node">
-- <title>25</title>
-- <ellipse fill="#0000ff" fill-opacity="0.498039" stroke="black" cx="91.99" cy="-85.49" rx="28.07" ry="12.04"/>
-- <text text-anchor="middle" x="91.99" y="-83.59" font-family="Times,serif" font-size="8.00">25 : 3</text>
-- </g>
-- <!-- 23&#45;&#45;25 -->
-- <g id="edge58" class="edge">
-- <title>23&#45;&#45;25</title>
-- <path fill="none" stroke="black" d="M89.92,-149.23C90.38,-135.14 91.13,-112.09 91.59,-97.91"/>
-- </g>
-- <!-- 23&#45;&#45;27 -->
-- <g id="edge59" class="edge">
-- <title>23&#45;&#45;27</title>
-- <path fill="none" stroke="black" d="M104.85,-151.09C117.11,-142.81 134.23,-131.26 146.49,-122.99"/>
-- </g>
-- <!-- 29 -->
-- <g id="node30" class="node">
-- <title>29</title>
-- <ellipse fill="#003fff" fill-opacity="0.498039" stroke="black" cx="45.77" cy="-196.19" rx="28.07" ry="12.04"/>
-- <text text-anchor="middle" x="45.77" y="-194.29" font-family="Times,serif" font-size="8.00">29 : 4</text>
-- </g>
-- <!-- 23&#45;&#45;29 -->
-- <g id="edge60" class="edge">
-- <title>23&#45;&#45;29</title>
-- <path fill="none" stroke="black" d="M76.16,-172.05C70.83,-176.28 64.7,-181.15 59.35,-185.4"/>
-- </g>
-- <!-- 23&#45;&#45;32 -->
-- <g id="edge61" class="edge">
-- <title>23&#45;&#45;32</title>
-- <path fill="none" stroke="black" d="M97.42,-172.99C108.94,-189.85 130.23,-221 141.85,-238.02"/>
-- </g>
-- <!-- 23&#45;&#45;33 -->
-- <g id="edge62" class="edge">
-- <title>23&#45;&#45;33</title>
-- <path fill="none" stroke="black" d="M102.61,-172.18C115.77,-182.99 135.96,-199.58 149.25,-210.5"/>
-- </g>
-- <!-- 24 -->
-- <g id="node25" class="node">
-- <title>24</title>
-- <ellipse fill="#0000ff" fill-opacity="0.498039" stroke="black" cx="137.81" cy="-33.02" rx="28.07" ry="12.04"/>
-- <text text-anchor="middle" x="137.81" y="-31.12" font-family="Times,serif" font-size="8.00">24 : 3</text>
-- </g>
-- <!-- 24&#45;&#45;25 -->
-- <g id="edge63" class="edge">
-- <title>24&#45;&#45;25</title>
-- <path fill="none" stroke="black" d="M127.86,-44.41C120.18,-53.21 109.59,-65.33 101.91,-74.13"/>
-- </g>
-- <!-- 24&#45;&#45;27 -->
-- <g id="edge64" class="edge">
-- <title>24&#45;&#45;27</title>
-- <path fill="none" stroke="black" d="M141.45,-45.12C145.98,-60.17 153.68,-85.72 158.19,-100.71"/>
-- </g>
-- <!-- 24&#45;&#45;31 -->
-- <g id="edge65" class="edge">
-- <title>24&#45;&#45;31</title>
-- <path fill="none" stroke="black" d="M147.38,-44.79C164.6,-65.95 200.59,-110.18 217.76,-131.28"/>
-- </g>
-- <!-- 25&#45;&#45;31 -->
-- <g id="edge66" class="edge">
-- <title>25&#45;&#45;31</title>
-- <path fill="none" stroke="black" d="M112.24,-94.09C137.74,-104.93 181.31,-123.44 206.87,-134.3"/>
-- </g>
-- <!-- 26 -->
-- <g id="node27" class="node">
-- <title>26</title>
-- <ellipse fill="#0000bf" fill-opacity="0.498039" stroke="black" cx="28.28" cy="-121.79" rx="28.07" ry="12.04"/>
-- <text text-anchor="middle" x="28.28" y="-119.89" font-family="Times,serif" font-size="8.00">26 : 2</text>
-- </g>
-- <!-- 26&#45;&#45;29 -->
-- <g id="edge67" class="edge">
-- <title>26&#45;&#45;29</title>
-- <path fill="none" stroke="black" d="M31.17,-134.08C34.43,-147.94 39.7,-170.36 42.93,-184.13"/>
-- </g>
-- <!-- 26&#45;&#45;33 -->
-- <g id="edge68" class="edge">
-- <title>26&#45;&#45;33</title>
-- <path fill="none" stroke="black" d="M42.67,-132.47C68.41,-151.57 122.07,-191.39 148.03,-210.66"/>
-- </g>
-- <!-- 27&#45;&#45;33 -->
-- <g id="edge69" class="edge">
-- <title>27&#45;&#45;33</title>
-- <path fill="none" stroke="black" d="M161.89,-124.73C162.07,-145.66 162.44,-188.46 162.62,-209.44"/>
-- </g>
-- <!-- 28&#45;&#45;31 -->
-- <g id="edge70" class="edge">
-- <title>28&#45;&#45;31</title>
-- <path fill="none" stroke="black" d="M219.52,-178.85C221.08,-171.63 223.05,-162.49 224.61,-155.24"/>
-- </g>
-- <!-- 28&#45;&#45;33 -->
-- <g id="edge71" class="edge">
-- <title>28&#45;&#45;33</title>
-- <path fill="none" stroke="black" d="M199.76,-200.64C193.68,-204.07 186.83,-207.94 180.69,-211.41"/>
-- </g>
-- <!-- 29&#45;&#45;32 -->
-- <g id="edge72" class="edge">
-- <title>29&#45;&#45;32</title>
-- <path fill="none" stroke="black" d="M63.91,-205.54C82.68,-215.21 111.87,-230.25 130.95,-240.08"/>
-- </g>
-- <!-- 29&#45;&#45;33 -->
-- <g id="edge73" class="edge">
-- <title>29&#45;&#45;33</title>
-- <path fill="none" stroke="black" d="M71.14,-201.69C89.95,-205.77 115.58,-211.33 134.94,-215.53"/>
-- </g>
-- <!-- 30&#45;&#45;32 -->
-- <g id="edge74" class="edge">
-- <title>30&#45;&#45;32</title>
-- <path fill="none" stroke="black" d="M225.52,-256.81C211.79,-255.55 195.14,-254.02 180.97,-252.72"/>
-- </g>
-- <!-- 30&#45;&#45;33 -->
-- <g id="edge75" class="edge">
-- <title>30&#45;&#45;33</title>
-- <path fill="none" stroke="black" d="M232.66,-250.78C218.17,-244.73 198.8,-236.63 184.11,-230.5"/>
-- </g>
-- <!-- 31&#45;&#45;32 -->
-- <g id="edge76" class="edge">
-- <title>31&#45;&#45;32</title>
-- <path fill="none" stroke="black" d="M218.7,-154.81C203.83,-175.36 173.44,-217.38 158.56,-237.96"/>
-- </g>
-- <!-- 31&#45;&#45;33 -->
-- <g id="edge77" class="edge">
-- <title>31&#45;&#45;33</title>
-- <path fill="none" stroke="black" d="M217.74,-154.56C205.54,-169.42 184.51,-195.03 172.28,-209.91"/>
-- </g>
-- <!-- 32&#45;&#45;33 -->
-- <g id="edge78" class="edge">
-- <title>32&#45;&#45;33</title>
-- <path fill="none" stroke="black" d="M155.44,-237.7C156.03,-236.38 156.64,-235.04 157.23,-233.72"/>
-- </g>
-- </g>
-- </svg>
-- </div>
-- 
