set client_min_messages = 'WARNING';
create extension if not exists onesparse;
set search_path = 'onesparse';
select cast(-1::smallint as scalar);
 scalar 
--------
 i2:-1
(1 row)

select cast(0::smallint as scalar);
 scalar 
--------
 i2:0
(1 row)

select cast(1::smallint as scalar);
 scalar 
--------
 i2:1
(1 row)

select cast(-1::smallint::scalar as smallint);
ERROR:  operator does not exist: - scalar
LINE 1: select cast(-1::smallint::scalar as smallint);
                    ^
HINT:  No operator matches the given name and argument type. You might need to add an explicit type cast.
select cast(0::smallint::scalar as  smallint);
 int2 
------
    0
(1 row)

select cast(1::smallint::scalar as scalar);
 scalar 
--------
 i2:1
(1 row)

