-- # Scalar 'float4' Operators
--
-- This documentation is also tests for the code, the examples below
-- show the literal output of these statements from Postgres.
--
-- Some setup to make sure warnings are shown, and that the extension
-- is installed.
set client_min_messages = 'WARNING';
create extension if not exists onesparse;
-- Test various scalar math operations with native Postgres types
select (1::float4)::scalar + -1::float4;
  ?column?   
-------------
 f4:0.000000
(1 row)

select 1::float4 + (-1::float4)::scalar;
 ?column? 
----------
        0
(1 row)

select (1::float4)::scalar - 1::float4;
  ?column?   
-------------
 f4:0.000000
(1 row)

select 1::float4 - (1::float4)::scalar;
 ?column? 
----------
        0
(1 row)

select (1::float4)::scalar * -1::float4;
   ?column?   
--------------
 f4:-1.000000
(1 row)

select 1::float4 * (-1::float4)::scalar;
 ?column? 
----------
       -1
(1 row)

select (1::float4)::scalar / 1::float4;
  ?column?   
-------------
 f4:1.000000
(1 row)

select 1::float4 / (1::float4)::scalar;
 ?column? 
----------
        1
(1 row)

