set client_min_messages = 'WARNING';
create extension if not exists onesparse;
set search_path = 'onesparse';
select '-1'::float4::scalar;
    scalar    
--------------
 f4:-1.000000
(1 row)

select '0'::float4::scalar;
   scalar    
-------------
 f4:0.000000
(1 row)

select '1'::float4::scalar;
   scalar    
-------------
 f4:1.000000
(1 row)

select set('1'::float4::scalar, 2);
     set     
-------------
 f4:2.000000
(1 row)

select scalar_float4((-1)::float4);
 scalar_float4 
---------------
 f4:-1.000000
(1 row)

select scalar_float4((0)::float4);
 scalar_float4 
---------------
 f4:0.000000
(1 row)

select scalar_float4((1)::float4);
 scalar_float4 
---------------
 f4:1.000000
(1 row)

select float4_scalar((-1)::float4::scalar);
 float4_scalar 
---------------
            -1
(1 row)

select float4_scalar((0)::float4::scalar);
 float4_scalar 
---------------
             0
(1 row)

select float4_scalar((1)::float4::scalar);
 float4_scalar 
---------------
             1
(1 row)

