set client_min_messages = 'WARNING';
create extension if not exists onesparse;
\dT+ scalar
                                        List of data types
  Schema   |  Name  | Internal name | Size | Elements |  Owner   | Access privileges | Description 
-----------+--------+---------------+------+----------+----------+-------------------+-------------
 onesparse | scalar | scalar        | var  |          | postgres |                   | 
(1 row)

select dup('i4:42'::scalar);
  dup  
-------
 i4:42
(1 row)

select wait('i4:42'::scalar);
 wait  
-------
 i4:42
(1 row)

select clear('i4:42'::scalar);
 clear 
-------
 i4:
(1 row)

