set client_min_messages = 'WARNING';
create extension if not exists onesparse;
set search_path = 'onesparse';
select cast(0::bool as scalar);
 scalar 
--------
 b:f
(1 row)

select cast(0::bool as scalar);
 scalar 
--------
 b:f
(1 row)

select cast(1::bool as scalar);
 scalar 
--------
 b:t
(1 row)

select cast(0::bool::scalar as bool);
 bool 
------
 f
(1 row)

select cast(0::bool::scalar as  bool);
 bool 
------
 f
(1 row)

select cast(1::bool::scalar as scalar);
 scalar 
--------
 b:t
(1 row)

